// Jest Snapshot v1, https://goo.gl/fbAQLP

exports[`Avatar component renders correctly 1`] = `
<mock-img
  alt="alt"
  className="photo"
  fluid="image"
/>
`;
